c:\users\isaac\p1_datos_github\proyecto-datos-2-generator-sorted\sorter_part\sorter\sorter\x64\debug\vc145.pdb
c:\users\isaac\p1_datos_github\proyecto-datos-2-generator-sorted\sorter_part\sorter\sorter\x64\debug\vc145.idb
c:\users\isaac\p1_datos_github\proyecto-datos-2-generator-sorted\sorter_part\sorter\sorter\x64\debug\sorter.obj
c:\users\isaac\p1_datos_github\proyecto-datos-2-generator-sorted\sorter_part\sorter\sorter\x64\debug\main.obj
c:\users\isaac\p1_datos_github\proyecto-datos-2-generator-sorted\sorter_part\sorter\sorter\x64\debug\pagedarray.obj
c:\users\isaac\p1_datos_github\proyecto-datos-2-generator-sorted\sorter_part\sorter\x64\debug\sorter.exe
c:\users\isaac\p1_datos_github\proyecto-datos-2-generator-sorted\sorter_part\sorter\x64\debug\sorter.pdb
c:\users\isaac\p1_datos_github\proyecto-datos-2-generator-sorted\sorter_part\sorter\sorter\x64\debug\sorter.ilk
c:\users\isaac\p1_datos_ii\proyecto-datos-2-generator-sorted\sorter_part\sorter\sorter\x64\debug\main.obj
c:\users\isaac\p1_datos_ii\proyecto-datos-2-generator-sorted\sorter_part\sorter\sorter\x64\debug\pagedarray.obj
c:\users\isaac\p1_datos_ii\proyecto-datos-2-generator-sorted\sorter_part\sorter\sorter\x64\debug\sorter.obj
c:\users\isaac\p1_datos_ii\proyecto-datos-2-generator-sorted\sorter_part\sorter\sorter\x64\debug\sorter.ilk
c:\users\isaac\p1_datos_ii\proyecto-datos-2-generator-sorted\sorter_part\sorter\sorter\x64\debug\vc145.idb
c:\users\isaac\p1_datos_ii\proyecto-datos-2-generator-sorted\sorter_part\sorter\sorter\x64\debug\vc145.pdb
c:\users\isaac\p1_datos_ii\proyecto-datos-2-generator-sorted\sorter_part\sorter\sorter\x64\debug\sorter.tlog\cl.command.1.tlog
c:\users\isaac\p1_datos_ii\proyecto-datos-2-generator-sorted\sorter_part\sorter\sorter\x64\debug\sorter.tlog\cl.items.tlog
c:\users\isaac\p1_datos_ii\proyecto-datos-2-generator-sorted\sorter_part\sorter\sorter\x64\debug\sorter.tlog\cl.read.1.tlog
c:\users\isaac\p1_datos_ii\proyecto-datos-2-generator-sorted\sorter_part\sorter\sorter\x64\debug\sorter.tlog\cl.write.1.tlog
c:\users\isaac\p1_datos_ii\proyecto-datos-2-generator-sorted\sorter_part\sorter\sorter\x64\debug\sorter.tlog\link.command.1.tlog
c:\users\isaac\p1_datos_ii\proyecto-datos-2-generator-sorted\sorter_part\sorter\sorter\x64\debug\sorter.tlog\link.read.1.tlog
c:\users\isaac\p1_datos_ii\proyecto-datos-2-generator-sorted\sorter_part\sorter\sorter\x64\debug\sorter.tlog\link.secondary.1.tlog
c:\users\isaac\p1_datos_ii\proyecto-datos-2-generator-sorted\sorter_part\sorter\sorter\x64\debug\sorter.tlog\link.write.1.tlog
